wave_B2 config: JOBS=10 OMP=1 tasks=34 date=2026-10-03T14:51:12Z
START 14:51:12 nice -n 10 ./venv/bin/python scripts/weave0_campaign.py dim --tag c1-S16L24
START 14:51:12 nice -n 10 ./venv/bin/python scripts/weave0_campaign.py dim --tag c2-S16L24-lam0001-s47
START 14:51:12 nice -n 10 ./venv/bin/python scripts/weave0_campaign.py dim --tag c2-S16L24-lam0001-s57
START 14:51:12 nice -n 10 ./venv/bin/python scripts/weave0_campaign.py dim --tag c2-S16L24-lam0005-s17
START 14:51:12 nice -n 10 ./venv/bin/python scripts/weave0_campaign.py dim --tag c2-S16L24-lam0005-s37
START 14:51:12 nice -n 10 ./venv/bin/python scripts/weave0_campaign.py dim --tag c2-S16L24-lam0005-s47
START 14:51:12 nice -n 10 ./venv/bin/python scripts/weave0_campaign.py dim --tag c2-S16L24-lam0005-s57
START 14:51:12 nice -n 10 ./venv/bin/python scripts/weave0_campaign.py dim --tag c2-S16L24-lam0005-s67
START 14:51:12 nice -n 10 ./venv/bin/python scripts/weave0_campaign.py dim --tag c2-S16L24-lam0005-s7
START 14:51:12 nice -n 10 ./venv/bin/python scripts/weave0_campaign.py dim --tag c2-S16L24-lam0005-s77
dim c2-S16L24-lam0001-s47: D=39 rc=None tc=None heat=(2.15,2.05)
END rc=0 15:12:56 nice -n 10 ./venv/bin/python scripts/weave0_campaign.py dim --tag c2-S16L24-lam0001-s47
START 15:12:56 nice -n 10 ./venv/bin/python scripts/weave0_campaign.py dim --tag c2-S16L24-lam001-s17
dim c2-S16L24-lam0001-s57: D=141 rc=None tc=None heat=(2.15,2.05)
END rc=0 15:13:01 nice -n 10 ./venv/bin/python scripts/weave0_campaign.py dim --tag c2-S16L24-lam0001-s57
START 15:13:01 nice -n 10 ./venv/bin/python scripts/weave0_campaign.py dim --tag c2-S16L24-lam001-s27
dim c2-S16L24-lam0005-s37: D=61 rc=16.0 tc=None heat=(2.16,2.09)
END rc=0 15:13:03 nice -n 10 ./venv/bin/python scripts/weave0_campaign.py dim --tag c2-S16L24-lam0005-s37
START 15:13:03 nice -n 10 ./venv/bin/python scripts/weave0_campaign.py dim --tag c2-S16L24-lam001-s37
dim c2-S16L24-lam0005-s77: D=57 rc=12.0 tc=None heat=(2.16,2.09)
END rc=0 15:13:08 nice -n 10 ./venv/bin/python scripts/weave0_campaign.py dim --tag c2-S16L24-lam0005-s77
START 15:13:08 nice -n 10 ./venv/bin/python scripts/weave0_campaign.py dim --tag c2-S16L24-lam001-s47
dim c2-S16L24-lam0005-s57: D=67 rc=12.0 tc=None heat=(2.16,2.09)
END rc=0 15:13:14 nice -n 10 ./venv/bin/python scripts/weave0_campaign.py dim --tag c2-S16L24-lam0005-s57
START 15:13:14 nice -n 10 ./venv/bin/python scripts/weave0_campaign.py dim --tag c2-S16L24-lam001-s57
dim c2-S16L24-lam0005-s67: D=60 rc=11.0 tc=None heat=(2.16,2.09)
END rc=0 15:13:16 nice -n 10 ./venv/bin/python scripts/weave0_campaign.py dim --tag c2-S16L24-lam0005-s67
START 15:13:16 nice -n 10 ./venv/bin/python scripts/weave0_campaign.py dim --tag c2-S16L24-lam001-s67
dim c2-S16L24-lam0005-s17: D=64 rc=15.0 tc=None heat=(2.16,2.09)
END rc=0 15:13:18 nice -n 10 ./venv/bin/python scripts/weave0_campaign.py dim --tag c2-S16L24-lam0005-s17
START 15:13:18 nice -n 10 ./venv/bin/python scripts/weave0_campaign.py dim --tag c2-S16L24-lam001-s7
dim c2-S16L24-lam0005-s7: D=68 rc=12.0 tc=None heat=(2.16,2.09)
END rc=0 15:13:19 nice -n 10 ./venv/bin/python scripts/weave0_campaign.py dim --tag c2-S16L24-lam0005-s7
START 15:13:19 nice -n 10 ./venv/bin/python scripts/weave0_campaign.py dim --tag c2-S16L24-lam001-s77
dim c2-S16L24-lam0005-s47: D=63 rc=14.0 tc=None heat=(2.16,2.09)
END rc=0 15:13:30 nice -n 10 ./venv/bin/python scripts/weave0_campaign.py dim --tag c2-S16L24-lam0005-s47
START 15:13:30 nice -n 10 ./venv/bin/python scripts/weave0_campaign.py dim --tag c2-S16L24-lam002-s17
