wave_B3 config: JOBS=12 OMP=1 tasks=25 post-reboot-resume date=2026-10-03T15:35:08Z
START 15:35:08 nice -n 10 ./venv/bin/python scripts/weave0_campaign.py dim --tag c1-S16L24
START 15:35:08 nice -n 10 ./venv/bin/python scripts/weave0_campaign.py dim --tag c2-S16L24-lam001-s17
START 15:35:08 nice -n 10 ./venv/bin/python scripts/weave0_campaign.py dim --tag c2-S16L24-lam001-s27
START 15:35:08 nice -n 10 ./venv/bin/python scripts/weave0_campaign.py dim --tag c2-S16L24-lam001-s37
START 15:35:08 nice -n 10 ./venv/bin/python scripts/weave0_campaign.py dim --tag c2-S16L24-lam001-s47
START 15:35:08 nice -n 10 ./venv/bin/python scripts/weave0_campaign.py dim --tag c2-S16L24-lam001-s57
START 15:35:08 nice -n 10 ./venv/bin/python scripts/weave0_campaign.py dim --tag c2-S16L24-lam001-s67
START 15:35:08 nice -n 10 ./venv/bin/python scripts/weave0_campaign.py dim --tag c2-S16L24-lam001-s7
START 15:35:08 nice -n 10 ./venv/bin/python scripts/weave0_campaign.py dim --tag c2-S16L24-lam001-s77
START 15:35:08 nice -n 10 ./venv/bin/python scripts/weave0_campaign.py dim --tag c2-S16L24-lam002-s17
START 15:35:08 nice -n 10 ./venv/bin/python scripts/weave0_campaign.py dim --tag c2-S16L24-lam002-s27
START 15:35:08 nice -n 10 ./venv/bin/python scripts/weave0_campaign.py dim --tag c2-S16L24-lam002-s37
dim c2-S16L24-lam001-s17: D=46 rc=8.0 tc=None heat=(2.18,2.14)
END rc=0 15:56:12 nice -n 10 ./venv/bin/python scripts/weave0_campaign.py dim --tag c2-S16L24-lam001-s17
START 15:56:12 nice -n 10 ./venv/bin/python scripts/weave0_campaign.py dim --tag c2-S16L24-lam002-s47
dim c2-S16L24-lam001-s67: D=49 rc=8.0 tc=None heat=(2.18,2.14)
END rc=0 15:56:13 nice -n 10 ./venv/bin/python scripts/weave0_campaign.py dim --tag c2-S16L24-lam001-s67
START 15:56:13 nice -n 10 ./venv/bin/python scripts/weave0_campaign.py dim --tag c2-S16L24-lam002-s67
dim c2-S16L24-lam001-s77: D=47 rc=8.0 tc=None heat=(2.18,2.14)
END rc=0 15:56:16 nice -n 10 ./venv/bin/python scripts/weave0_campaign.py dim --tag c2-S16L24-lam001-s77
START 15:56:16 nice -n 10 ./venv/bin/python scripts/weave0_campaign.py dim --tag c2-S16L24-lam004-s27
dim c2-S16L24-lam002-s17: D=36 rc=6.0 tc=None heat=(2.22,2.24)
END rc=0 15:56:17 nice -n 10 ./venv/bin/python scripts/weave0_campaign.py dim --tag c2-S16L24-lam002-s17
START 15:56:17 nice -n 10 ./venv/bin/python scripts/weave0_campaign.py dim --tag c2-S16L24-lam004-s37
dim c2-S16L24-lam002-s27: D=38 rc=6.0 tc=None heat=(2.22,2.24)
END rc=0 15:56:17 nice -n 10 ./venv/bin/python scripts/weave0_campaign.py dim --tag c2-S16L24-lam002-s27
START 15:56:17 nice -n 10 ./venv/bin/python scripts/weave0_campaign.py dim --tag c2-S16L24-lam004-s67
dim c2-S16L24-lam001-s57: D=51 rc=9.0 tc=None heat=(2.18,2.14)
END rc=0 15:56:19 nice -n 10 ./venv/bin/python scripts/weave0_campaign.py dim --tag c2-S16L24-lam001-s57
START 15:56:19 nice -n 10 ./venv/bin/python scripts/weave0_campaign.py dim --tag c2-S16L24-lam004-s7
dim c2-S16L24-lam002-s37: D=36 rc=7.0 tc=None heat=(2.22,2.23)
END rc=0 15:56:20 nice -n 10 ./venv/bin/python scripts/weave0_campaign.py dim --tag c2-S16L24-lam002-s37
START 15:56:20 nice -n 10 ./venv/bin/python scripts/weave0_campaign.py dim --tag c2-S16L24-lam008-s47
dim c2-S16L24-lam001-s27: D=47 rc=9.0 tc=None heat=(2.18,2.14)
END rc=0 15:56:27 nice -n 10 ./venv/bin/python scripts/weave0_campaign.py dim --tag c2-S16L24-lam001-s27
START 15:56:27 nice -n 10 ./venv/bin/python scripts/weave0_campaign.py dim --tag c2-S16L24-lam016-s17
dim c2-S16L24-lam001-s47: D=48 rc=9.0 tc=None heat=(2.18,2.14)
dim c2-S16L24-lam001-s37: D=49 rc=8.0 tc=None heat=(2.18,2.14)
END rc=0 15:56:30 nice -n 10 ./venv/bin/python scripts/weave0_campaign.py dim --tag c2-S16L24-lam001-s47
START 15:56:30 nice -n 10 ./venv/bin/python scripts/weave0_campaign.py dim --tag c2-S16L24-lam016-s57
END rc=0 15:56:30 nice -n 10 ./venv/bin/python scripts/weave0_campaign.py dim --tag c2-S16L24-lam001-s37
START 15:56:30 nice -n 10 ./venv/bin/python scripts/weave0_campaign.py dim --tag c2-S16L24-lam016-s67
dim c2-S16L24-lam001-s7: D=43 rc=9.0 tc=None heat=(2.18,2.14)
END rc=0 15:56:30 nice -n 10 ./venv/bin/python scripts/weave0_campaign.py dim --tag c2-S16L24-lam001-s7
START 15:56:30 nice -n 10 ./venv/bin/python scripts/weave0_campaign.py dim --tag c4-cbL26
END rc=137 16:15:43 nice -n 10 ./venv/bin/python scripts/weave0_campaign.py dim --tag c1-S16L24
START 16:15:43 nice -n 10 ./venv/bin/python scripts/weave0_campaign.py hidden --tag c2-S16L24-lam004-s7
dim c2-S16L24-lam002-s67: D=41 rc=7.0 tc=None heat=(2.22,2.24)
END rc=0 16:17:40 nice -n 10 ./venv/bin/python scripts/weave0_campaign.py dim --tag c2-S16L24-lam002-s67
START 16:17:40 nice -n 10 ./venv/bin/python scripts/weave0_campaign.py vacuum --tag c2-S16L24-lam004-s7
dim c2-S16L24-lam008-s47: D=24 rc=4.0 tc=16.640670584415233 heat=(2.47,2.77)
END rc=0 16:17:41 nice -n 10 ./venv/bin/python scripts/weave0_campaign.py dim --tag c2-S16L24-lam008-s47
dim c2-S16L24-lam002-s47: D=37 rc=6.0 tc=None heat=(2.22,2.24)
END rc=0 16:18:00 nice -n 10 ./venv/bin/python scripts/weave0_campaign.py dim --tag c2-S16L24-lam002-s47
dim c2-S16L24-lam016-s17: D=19 rc=3.0 tc=None heat=(2.78,3.40)
END rc=0 16:18:24 nice -n 10 ./venv/bin/python scripts/weave0_campaign.py dim --tag c2-S16L24-lam016-s17
dim c2-S16L24-lam016-s67: D=18 rc=3.0 tc=None heat=(2.77,3.38)
END rc=0 16:18:35 nice -n 10 ./venv/bin/python scripts/weave0_campaign.py dim --tag c2-S16L24-lam016-s67
dim c2-S16L24-lam016-s57: D=19 rc=3.0 tc=None heat=(2.77,3.39)
END rc=0 16:18:47 nice -n 10 ./venv/bin/python scripts/weave0_campaign.py dim --tag c2-S16L24-lam016-s57
END rc=137 16:23:51 nice -n 10 ./venv/bin/python scripts/weave0_campaign.py dim --tag c2-S16L24-lam004-s67
END rc=137 16:23:52 nice -n 10 ./venv/bin/python scripts/weave0_campaign.py dim --tag c2-S16L24-lam004-s7
END rc=137 16:23:52 nice -n 10 ./venv/bin/python scripts/weave0_campaign.py dim --tag c2-S16L24-lam004-s27
END rc=137 16:23:53 nice -n 10 ./venv/bin/python scripts/weave0_campaign.py dim --tag c2-S16L24-lam004-s37
END rc=137 16:23:54 nice -n 10 ./venv/bin/python scripts/weave0_campaign.py dim --tag c4-cbL26
END rc=137 16:23:54 nice -n 10 ./venv/bin/python scripts/weave0_campaign.py vacuum --tag c2-S16L24-lam004-s7
END rc=137 16:23:55 nice -n 10 ./venv/bin/python scripts/weave0_campaign.py hidden --tag c2-S16L24-lam004-s7
