\BOOKMARK [1][-]{section.1}{\376\377\000S\000e\000c\000\040\0001\000:\000\040\000A\000l\000l\000:\000a\000l\000l\000\040\000=\000\040\000n\000o\000\040\000i\000n\000t\000e\000r\000i\000o\000r\000\040\000s\000p\000a\000c\000e}{}% 1
\BOOKMARK [1][-]{section.2}{\376\377\000S\000e\000c\000\040\0002\000:\000\040\000H\000o\000r\000i\000z\000o\000n\000\040\000a\000r\000e\000a\000\040\000c\000o\000u\000n\000t\000s\000\040\000e\000x\000t\000e\000r\000i\000o\000r\000\040\000l\000e\000g\000s}{}% 2
\BOOKMARK [1][-]{section.3}{\376\377\000S\000e\000c\000\040\0003\000:\000\040\000M\000i\000c\000r\000o\000-\000h\000o\000l\000e\000\040\000p\000h\000a\000s\000e\000\040\000t\000r\000a\000n\000s\000i\000t\000i\000o\000n}{}% 3
\BOOKMARK [1][-]{section.4}{\376\377\000D\000i\000s\000c\000u\000s\000s\000i\000o\000n}{}% 4
\BOOKMARK [1][-]{appendix.A}{\376\377\000F\000i\000n\000i\000t\000e\000-\000s\000p\000e\000e\000d\000\040\000c\000i\000r\000c\000u\000i\000t\000s\000:\000\040\000t\000*\000N\000\040\000\050\000F\000i\000g\000.\000\040\0007\000\051}{}% 5
\BOOKMARK [1][-]{appendix.B}{\376\377\000D\000e\000r\000i\000v\000i\000n\000g\000\040\000k\000\050\000N\000\051\000\040\000\050\000F\000i\000g\000.\000\040\0008\000\051}{}% 6
\BOOKMARK [1][-]{appendix.C}{\376\377\000Q\000E\000S\000\040\000p\000o\000p\000\040\000f\000r\000o\000m\000\040\000e\000n\000t\000r\000o\000p\000y\000\040\000c\000r\000o\000s\000s\000i\000n\000g\000\040\000\050\000F\000i\000g\000.\000\040\0009\000\051}{}% 7
\BOOKMARK [1][-]{appendix.D}{\376\377\000P\000a\000g\000e\000\040\000c\000u\000r\000v\000e\000\040\000f\000r\000o\000m\000\040\000l\000e\000g\000\040\000s\000u\000r\000g\000e\000r\000y\000\040\000\050\000F\000i\000g\000.\000\040\0001\0000\000\051}{}% 8
\BOOKMARK [1][-]{appendix.E}{\376\377\000Q\000E\000C\000\040\000m\000i\000r\000r\000o\000r\000\040\000\050\000F\000i\000g\000.\000\040\0001\0001\000\051}{}% 9
\BOOKMARK [1][-]{appendix.F}{\376\377\000R\000o\000b\000u\000s\000t\000n\000e\000s\000s\000\040\000\050\000F\000i\000g\000.\000\040\0001\0001\000\051}{}% 10
\BOOKMARK [1][-]{appendix.G}{\376\377\000K\000e\000r\000r\040\023\000N\000e\000w\000m\000a\000n\000\040\000\050\000F\000i\000g\000.\000\040\0001\0002\000\051}{}% 11
\BOOKMARK [1][-]{appendix.H}{\376\377\000E\000x\000a\000c\000t\000\040\000P\000a\000g\000e\000\040\000c\000u\000r\000v\000e\000\040\000\050\000F\000i\000g\000.\000\040\0001\0003\000\051}{}% 12
\BOOKMARK [1][-]{appendix.I}{\376\377\000N\000o\000n\000l\000i\000n\000e\000a\000r\000\040\000m\000o\000n\000o\000g\000a\000m\000y\000\040\000\050\000F\000i\000g\000.\000\040\0001\0004\000\051}{}% 13
\BOOKMARK [1][-]{appendix.J}{\376\377\000O\000T\000O\000C\000\040\000+\000\040\000p\000h\000e\000n\000o\000m\000e\000n\000o\000l\000o\000g\000y\000\040\000\050\000F\000i\000g\000.\000\040\0001\0005\000\051}{}% 14
\BOOKMARK [1][-]{appendix.K}{\376\377\000T\000e\000n\000s\000o\000r\000\040\000n\000e\000t\000w\000o\000r\000k\000\040\000d\000e\000r\000i\000v\000e\000s\000\040\000\040\000\050\000F\000i\000g\000.\000\040\0001\0006\000\051}{}% 15
\BOOKMARK [1][-]{appendix.L}{\376\377\000K\000e\000r\000r\000\040\000P\000a\000g\000e\000\040\000c\000u\000r\000v\000e\000\040\000\050\000F\000i\000g\000.\000\040\0001\0007\000\051}{}% 16
\BOOKMARK [1][-]{appendix.M}{\376\377\000S\000Y\000K\000\040\000E\000D\000\040\000v\000s\000\040\000c\000h\000a\000i\000n\000\040\000\050\000F\000i\000g\000.\000\040\0001\0008\000\051}{}% 17
\BOOKMARK [1][-]{appendix.N}{\376\377\000G\000W\000T\000C\000\040\000l\000e\000g\000\040\000c\000r\000e\000a\000t\000i\000o\000n\000\040\000\050\000F\000i\000g\000.\000\040\0001\0009\000\051}{}% 18
\BOOKMARK [1][-]{appendix.O}{\376\377\000H\000a\000r\000d\000w\000a\000r\000e\000\040\000l\000i\000t\000e\000r\000a\000t\000u\000r\000e\000\040\000+\000\040\000p\000r\000e\000d\000i\000c\000t\000i\000o\000n\000\040\000\050\000F\000i\000g\000.\000\040\0002\0000\000\051}{}% 19
\BOOKMARK [1][-]{appendix.P}{\376\377\000T\000e\000V\000\040\000r\000e\000c\000a\000s\000t\000\040\000+\000\040\000e\000c\000h\000o\000e\000s\000\040\000+\000\040\000E\000H\000T\000\040\000\050\000F\000i\000g\000s\000.\000\040\0002\0001\040\023\0002\0002\000\051}{}% 20
\BOOKMARK [1][-]{appendix.Q}{\376\377\000P\000o\000s\000t\000e\000r\000i\000o\000r\000s\000\040\000+\000\040\000c\000o\000s\000m\000o\000s\000\040\000+\000\040\000K\000r\000y\000l\000o\000v\000\040\000\050\000F\000i\000g\000s\000.\000\040\0002\0003\040\023\0002\0005\000\051}{}% 21
\BOOKMARK [1][-]{appendix.R}{\376\377\000C\000o\000l\000l\000a\000p\000s\000e\000\040\000+\000\040\000c\000o\000s\000m\000i\000c\000\040\000h\000i\000s\000t\000o\000r\000y\000\040\000+\000\040\000l\000u\000n\000c\000h\000\040\000\050\000F\000i\000g\000s\000.\000\040\0002\0006\040\023\0002\0008\000\051}{}% 22
\BOOKMARK [1][-]{appendix.S}{\376\377\000B\000o\000u\000n\000d\000s\000\040\000k\000i\000l\000l\000\040\000r\000e\000m\000n\000a\000n\000t\000s\000\040\000+\000\040\000q\000u\000e\000n\000c\000h\000\040\000p\000r\000o\000t\000o\000c\000o\000l\000\040\000\050\000F\000i\000g\000.\000\040\0002\0009\000\051}{}% 23
\BOOKMARK [1][-]{appendix.T}{\376\377\000H\000e\000a\000l\000i\000n\000g\000\040\000l\000a\000g\000\040\000\050\000F\000i\000g\000.\000\040\0003\0000\000\051}{}% 24
\BOOKMARK [1][-]{appendix.U}{\376\377\000M\000S\000S\000\040\000+\000\040\000q\000u\000a\000l\000i\000f\000i\000e\000r\000\040\000\050\000F\000i\000g\000.\000\040\0003\0001\000\051}{}% 25
\BOOKMARK [1][-]{appendix.V}{\376\377\000B\000i\000g\000\040\000S\000Y\000K\000\040\000+\000\040\000t\000y\000p\000i\000c\000a\000l\000i\000t\000y\000\040\000\050\000F\000i\000g\000s\000.\000\040\0003\0002\040\023\0003\0003\000\051}{}% 26
\BOOKMARK [1][-]{appendix.W}{\376\377\000C\000o\000n\000g\000e\000s\000t\000i\000o\000n\000\040\000+\000\040\000c\000h\000a\000r\000g\000e\000\040\000+\000\040\000b\000a\000n\000d\000w\000i\000d\000t\000h\000\040\000\050\000F\000i\000g\000s\000.\000\040\0003\0004\040\023\0003\0006\000\051}{}% 27
\BOOKMARK [1][-]{appendix.X}{\376\377\000K\000i\000l\000l\000\040\000l\000i\000s\000t\000\040\000\050\000F\000i\000g\000s\000.\000\040\0003\0007\040\023\0003\0009\000\051}{}% 28
\BOOKMARK [1][-]{appendix.Y}{\376\377\000B\000i\000g\000\040\000p\000o\000p\000\040\000\050\000F\000i\000g\000.\000\040\0004\0000\000\051}{}% 29
\BOOKMARK [1][-]{appendix.Z}{\376\377\000S\000t\000r\000u\000c\000t\000u\000r\000e\000\040\000+\000\040\000s\000c\000a\000t\000t\000e\000r\000\040\000\050\000F\000i\000g\000s\000.\000\040\0004\0001\040\023\0004\0002\000\051}{}% 30
\BOOKMARK [1][-]{appendix.Alph27}{\376\377\000R\000e\000m\000n\000a\000n\000t\000\040\000o\000b\000i\000t\000u\000a\000r\000y\000\040\000+\000\040\000E\000M\000D\000\040\000w\000i\000n\000d\000o\000w\000\040\000\050\000F\000i\000g\000.\000\040\0002\0009\000,\000\040\000r\000e\000w\000r\000i\000t\000t\000e\000n\000\051}{}% 31
